// Jest Snapshot v1, https://jestjs.io/docs/snapshot-testing

exports[`snapshot 1`] = `
{
  "Conditions": {
    "ShouldGenerateAdminPassword": {
      "Fn::Equals": [
        {
          "Ref": "GenerateAdminPassword",
        },
        "true",
      ],
    },
    "ShouldGenerateApiKey": {
      "Fn::Equals": [
        {
          "Ref": "GenerateApiKey",
        },
        "true",
      ],
    },
  },
  "Outputs": {
    "ApiUrl": {
      "Description": "API Gateway endpoint (session CRUD)",
      "Value": {
        "Fn::Join": [
          "",
          [
            "https://",
            {
              "Ref": "HttpApiF5A9A8A7",
            },
            ".execute-api.",
            {
              "Ref": "AWS::Region",
            },
            ".",
            {
              "Ref": "AWS::URLSuffix",
            },
            "/",
          ],
        ],
      },
    },
    "GeneratedAdminPassword": {
      "Condition": "ShouldGenerateAdminPassword",
      "Description": "SAVE THIS NOW. Initial admin password for the seeded admin user; only shown on this deploy.",
      "Value": "AAAAAAAAAAAAAAAAAAAAAAAAAAAAAAAA",
    },
    "GeneratedApiKey": {
      "Condition": "ShouldGenerateApiKey",
      "Description": "SAVE THIS NOW. Use it in the x-api-key header for all API requests.",
      "Value": "00000000-0000-0000-0000-000000000000",
    },
    "ReplyUrl": {
      "Description": "Function URL endpoint (reply/agent)",
      "Value": {
        "Fn::GetAtt": [
          "ReplyHandlerFunctionUrlE3C0AFE2",
          "FunctionUrl",
        ],
      },
    },
    "SkillsBucketName": {
      "Description": "S3 bucket for skill storage",
      "Value": {
        "Ref": "SkillsBucket512669F8",
      },
    },
    "WebSocketUrl": {
      "Description": "WebSocket endpoint for real-time events",
      "Value": {
        "Fn::Join": [
          "",
          [
            "wss://",
            {
              "Ref": "WebSocketApi34BCF99B",
            },
            ".execute-api.",
            {
              "Ref": "AWS::Region",
            },
            ".",
            {
              "Ref": "AWS::URLSuffix",
            },
            "/prod",
          ],
        ],
      },
    },
  },
  "Parameters": {
    "AnthropicApiKey": {
      "Default": "",
      "Description": "Anthropic API key.",
      "NoEcho": true,
      "Type": "String",
    },
    "BootstrapVersion": {
      "Default": "/cdk-bootstrap/hnb659fds/version",
      "Description": "Version of the CDK Bootstrap resources in this environment, automatically retrieved from SSM Parameter Store. [cdk:skip]",
      "Type": "AWS::SSM::Parameter::Value<String>",
    },
    "GenerateAdminPassword": {
      "AllowedValues": [
        "true",
        "false",
      ],
      "Default": "false",
      "Description": "ALWAYS pass explicitly. true = generate a new admin password (overwrites existing). false = keep existing.",
      "Type": "String",
    },
    "GenerateApiKey": {
      "AllowedValues": [
        "true",
        "false",
      ],
      "Default": "false",
      "Description": "ALWAYS pass explicitly. true = generate new key (overwrites existing). false = keep existing key.",
      "Type": "String",
    },
  },
  "Resources": {
    "ApiHandler5E7490E8": {
      "DependsOn": [
        "ApiHandlerServiceRoleDefaultPolicy10321D87",
        "ApiHandlerServiceRole592E70E9",
      ],
      "Properties": {
        "Architectures": [
          "arm64",
        ],
        "Code": {
          "S3Bucket": {
            "Fn::Sub": "cdk-hnb659fds-assets-\${AWS::AccountId}-\${AWS::Region}",
          },
          "S3Key": "[ASSET HASH].zip",
        },
        "Environment": {
          "Variables": {
            "DSQL_ENDPOINT": {
              "Fn::GetAtt": [
                "DsqlCluster",
                "Endpoint",
              ],
            },
            "PASSWORDS_KMS_KEY_ID": {
              "Fn::GetAtt": [
                "PasswordsKeyC846CE1E",
                "Arn",
              ],
            },
          },
        },
        "Handler": "bootstrap",
        "MemorySize": 256,
        "Role": {
          "Fn::GetAtt": [
            "ApiHandlerServiceRole592E70E9",
            "Arn",
          ],
        },
        "Runtime": "provided.al2023",
        "Timeout": 30,
      },
      "Type": "AWS::Lambda::Function",
    },
    "ApiHandlerServiceRole592E70E9": {
      "Properties": {
        "AssumeRolePolicyDocument": {
          "Statement": [
            {
              "Action": "sts:AssumeRole",
              "Effect": "Allow",
              "Principal": {
                "Service": "lambda.amazonaws.com",
              },
            },
          ],
          "Version": "2012-10-17",
        },
        "ManagedPolicyArns": [
          {
            "Fn::Join": [
              "",
              [
                "arn:",
                {
                  "Ref": "AWS::Partition",
                },
                ":iam::aws:policy/service-role/AWSLambdaBasicExecutionRole",
              ],
            ],
          },
        ],
      },
      "Type": "AWS::IAM::Role",
    },
    "ApiHandlerServiceRoleDefaultPolicy10321D87": {
      "Properties": {
        "PolicyDocument": {
          "Statement": [
            {
              "Action": [
                "kms:Decrypt",
                "kms:Encrypt",
                "kms:ReEncrypt*",
                "kms:GenerateDataKey*",
              ],
              "Effect": "Allow",
              "Resource": {
                "Fn::GetAtt": [
                  "PasswordsKeyC846CE1E",
                  "Arn",
                ],
              },
            },
            {
              "Action": "dsql:DbConnectAdmin",
              "Effect": "Allow",
              "Resource": {
                "Fn::GetAtt": [
                  "DsqlCluster",
                  "ResourceArn",
                ],
              },
            },
          ],
          "Version": "2012-10-17",
        },
        "PolicyName": "ApiHandlerServiceRoleDefaultPolicy10321D87",
        "Roles": [
          {
            "Ref": "ApiHandlerServiceRole592E70E9",
          },
        ],
      },
      "Type": "AWS::IAM::Policy",
    },
    "CustomS3AutoDeleteObjectsCustomResourceProviderHandler9D90184F": {
      "DependsOn": [
        "CustomS3AutoDeleteObjectsCustomResourceProviderRole3B1BD092",
      ],
      "Properties": {
        "Code": {
          "S3Bucket": {
            "Fn::Sub": "cdk-hnb659fds-assets-\${AWS::AccountId}-\${AWS::Region}",
          },
          "S3Key": "[ASSET HASH].zip",
        },
        "Description": {
          "Fn::Join": [
            "",
            [
              "Lambda function for auto-deleting objects in ",
              {
                "Ref": "SkillsBucket512669F8",
              },
              " S3 bucket.",
            ],
          ],
        },
        "Handler": "index.handler",
        "MemorySize": 128,
        "Role": {
          "Fn::GetAtt": [
            "CustomS3AutoDeleteObjectsCustomResourceProviderRole3B1BD092",
            "Arn",
          ],
        },
        "Runtime": "nodejs22.x",
        "Timeout": 900,
      },
      "Type": "AWS::Lambda::Function",
    },
    "CustomS3AutoDeleteObjectsCustomResourceProviderRole3B1BD092": {
      "Properties": {
        "AssumeRolePolicyDocument": {
          "Statement": [
            {
              "Action": "sts:AssumeRole",
              "Effect": "Allow",
              "Principal": {
                "Service": "lambda.amazonaws.com",
              },
            },
          ],
          "Version": "2012-10-17",
        },
        "ManagedPolicyArns": [
          {
            "Fn::Sub": "arn:\${AWS::Partition}:iam::aws:policy/service-role/AWSLambdaBasicExecutionRole",
          },
        ],
      },
      "Type": "AWS::IAM::Role",
    },
    "DsqlCluster": {
      "Properties": {
        "DeletionProtectionEnabled": false,
        "Tags": [
          {
            "Key": "Project",
            "Value": "astroclaw",
          },
        ],
      },
      "Type": "AWS::DSQL::Cluster",
    },
    "HttpApiANYproxy435A1FB9": {
      "Properties": {
        "ApiId": {
          "Ref": "HttpApiF5A9A8A7",
        },
        "AuthorizationType": "NONE",
        "RouteKey": "ANY /{proxy+}",
        "Target": {
          "Fn::Join": [
            "",
            [
              "integrations/",
              {
                "Ref": "HttpApiANYproxyLambdaIntegration6181A2F1",
              },
            ],
          ],
        },
      },
      "Type": "AWS::ApiGatewayV2::Route",
    },
    "HttpApiANYproxyLambdaIntegration6181A2F1": {
      "Properties": {
        "ApiId": {
          "Ref": "HttpApiF5A9A8A7",
        },
        "IntegrationType": "AWS_PROXY",
        "IntegrationUri": {
          "Fn::GetAtt": [
            "ApiHandler5E7490E8",
            "Arn",
          ],
        },
        "PayloadFormatVersion": "2.0",
      },
      "Type": "AWS::ApiGatewayV2::Integration",
    },
    "HttpApiANYproxyLambdaIntegrationPermission2EDD6285": {
      "Properties": {
        "Action": "lambda:InvokeFunction",
        "FunctionName": {
          "Fn::GetAtt": [
            "ApiHandler5E7490E8",
            "Arn",
          ],
        },
        "Principal": "apigateway.amazonaws.com",
        "SourceArn": {
          "Fn::Join": [
            "",
            [
              "arn:",
              {
                "Ref": "AWS::Partition",
              },
              ":execute-api:",
              {
                "Ref": "AWS::Region",
              },
              ":",
              {
                "Ref": "AWS::AccountId",
              },
              ":",
              {
                "Ref": "HttpApiF5A9A8A7",
              },
              "/*/*/{proxy+}",
            ],
          ],
        },
      },
      "Type": "AWS::Lambda::Permission",
    },
    "HttpApiDefaultStage3EEB07D6": {
      "Properties": {
        "ApiId": {
          "Ref": "HttpApiF5A9A8A7",
        },
        "AutoDeploy": true,
        "StageName": "$default",
      },
      "Type": "AWS::ApiGatewayV2::Stage",
    },
    "HttpApiF5A9A8A7": {
      "Properties": {
        "Name": "astroclaw-api",
        "ProtocolType": "HTTP",
      },
      "Type": "AWS::ApiGatewayV2::Api",
    },
    "MigrateHandlerE9CD447E": {
      "DependsOn": [
        "MigrateHandlerServiceRoleDefaultPolicy9A39BDFD",
        "MigrateHandlerServiceRoleE6DE08F9",
      ],
      "Properties": {
        "Architectures": [
          "arm64",
        ],
        "Code": {
          "S3Bucket": {
            "Fn::Sub": "cdk-hnb659fds-assets-\${AWS::AccountId}-\${AWS::Region}",
          },
          "S3Key": "[ASSET HASH].zip",
        },
        "Environment": {
          "Variables": {
            "ANTHROPIC_API_KEY": {
              "Ref": "AnthropicApiKey",
            },
            "DSQL_ENDPOINT": {
              "Fn::GetAtt": [
                "DsqlCluster",
                "Endpoint",
              ],
            },
            "GENERATED_ADMIN_PASSWORD": {
              "Fn::If": [
                "ShouldGenerateAdminPassword",
                "AAAAAAAAAAAAAAAAAAAAAAAAAAAAAAAA",
                "",
              ],
            },
            "GENERATED_API_KEY": {
              "Fn::If": [
                "ShouldGenerateApiKey",
                "00000000-0000-0000-0000-000000000000",
                "",
              ],
            },
            "PASSWORDS_KMS_KEY_ID": {
              "Fn::GetAtt": [
                "PasswordsKeyC846CE1E",
                "Arn",
              ],
            },
            "SKILLS_BUCKET": {
              "Ref": "SkillsBucket512669F8",
            },
          },
        },
        "Handler": "bootstrap",
        "MemorySize": 256,
        "Role": {
          "Fn::GetAtt": [
            "MigrateHandlerServiceRoleE6DE08F9",
            "Arn",
          ],
        },
        "Runtime": "provided.al2023",
        "Timeout": 300,
      },
      "Type": "AWS::Lambda::Function",
    },
    "MigrateHandlerServiceRoleDefaultPolicy9A39BDFD": {
      "Properties": {
        "PolicyDocument": {
          "Statement": [
            {
              "Action": [
                "s3:GetObject*",
                "s3:GetBucket*",
                "s3:List*",
                "s3:DeleteObject*",
                "s3:PutObject",
                "s3:PutObjectLegalHold",
                "s3:PutObjectRetention",
                "s3:PutObjectTagging",
                "s3:PutObjectVersionTagging",
                "s3:Abort*",
              ],
              "Effect": "Allow",
              "Resource": [
                {
                  "Fn::GetAtt": [
                    "SkillsBucket512669F8",
                    "Arn",
                  ],
                },
                {
                  "Fn::Join": [
                    "",
                    [
                      {
                        "Fn::GetAtt": [
                          "SkillsBucket512669F8",
                          "Arn",
                        ],
                      },
                      "/*",
                    ],
                  ],
                },
              ],
            },
            {
              "Action": [
                "kms:Decrypt",
                "kms:Encrypt",
                "kms:ReEncrypt*",
                "kms:GenerateDataKey*",
              ],
              "Effect": "Allow",
              "Resource": {
                "Fn::GetAtt": [
                  "PasswordsKeyC846CE1E",
                  "Arn",
                ],
              },
            },
            {
              "Action": "dsql:DbConnectAdmin",
              "Effect": "Allow",
              "Resource": {
                "Fn::GetAtt": [
                  "DsqlCluster",
                  "ResourceArn",
                ],
              },
            },
          ],
          "Version": "2012-10-17",
        },
        "PolicyName": "MigrateHandlerServiceRoleDefaultPolicy9A39BDFD",
        "Roles": [
          {
            "Ref": "MigrateHandlerServiceRoleE6DE08F9",
          },
        ],
      },
      "Type": "AWS::IAM::Policy",
    },
    "MigrateHandlerServiceRoleE6DE08F9": {
      "Properties": {
        "AssumeRolePolicyDocument": {
          "Statement": [
            {
              "Action": "sts:AssumeRole",
              "Effect": "Allow",
              "Principal": {
                "Service": "lambda.amazonaws.com",
              },
            },
          ],
          "Version": "2012-10-17",
        },
        "ManagedPolicyArns": [
          {
            "Fn::Join": [
              "",
              [
                "arn:",
                {
                  "Ref": "AWS::Partition",
                },
                ":iam::aws:policy/service-role/AWSLambdaBasicExecutionRole",
              ],
            ],
          },
        ],
      },
      "Type": "AWS::IAM::Role",
    },
    "MigrateProviderframeworkonEvent252E0912": {
      "DependsOn": [
        "MigrateProviderframeworkonEventServiceRoleDefaultPolicy42DDFCC7",
        "MigrateProviderframeworkonEventServiceRoleF2E658E5",
      ],
      "Properties": {
        "Code": {
          "S3Bucket": {
            "Fn::Sub": "cdk-hnb659fds-assets-\${AWS::AccountId}-\${AWS::Region}",
          },
          "S3Key": "[ASSET HASH].zip",
        },
        "Description": "AWS CDK resource provider framework - onEvent (TestStack/MigrateProvider)",
        "Environment": {
          "Variables": {
            "USER_ON_EVENT_FUNCTION_ARN": {
              "Fn::GetAtt": [
                "MigrateHandlerE9CD447E",
                "Arn",
              ],
            },
          },
        },
        "Handler": "framework.onEvent",
        "LoggingConfig": {
          "ApplicationLogLevel": "FATAL",
          "LogFormat": "JSON",
        },
        "Role": {
          "Fn::GetAtt": [
            "MigrateProviderframeworkonEventServiceRoleF2E658E5",
            "Arn",
          ],
        },
        "Runtime": "nodejs22.x",
        "Timeout": 900,
      },
      "Type": "AWS::Lambda::Function",
    },
    "MigrateProviderframeworkonEventServiceRoleDefaultPolicy42DDFCC7": {
      "Properties": {
        "PolicyDocument": {
          "Statement": [
            {
              "Action": "lambda:InvokeFunction",
              "Effect": "Allow",
              "Resource": [
                {
                  "Fn::GetAtt": [
                    "MigrateHandlerE9CD447E",
                    "Arn",
                  ],
                },
                {
                  "Fn::Join": [
                    "",
                    [
                      {
                        "Fn::GetAtt": [
                          "MigrateHandlerE9CD447E",
                          "Arn",
                        ],
                      },
                      ":*",
                    ],
                  ],
                },
              ],
            },
            {
              "Action": "lambda:GetFunction",
              "Effect": "Allow",
              "Resource": {
                "Fn::GetAtt": [
                  "MigrateHandlerE9CD447E",
                  "Arn",
                ],
              },
            },
          ],
          "Version": "2012-10-17",
        },
        "PolicyName": "MigrateProviderframeworkonEventServiceRoleDefaultPolicy42DDFCC7",
        "Roles": [
          {
            "Ref": "MigrateProviderframeworkonEventServiceRoleF2E658E5",
          },
        ],
      },
      "Type": "AWS::IAM::Policy",
    },
    "MigrateProviderframeworkonEventServiceRoleF2E658E5": {
      "Properties": {
        "AssumeRolePolicyDocument": {
          "Statement": [
            {
              "Action": "sts:AssumeRole",
              "Effect": "Allow",
              "Principal": {
                "Service": "lambda.amazonaws.com",
              },
            },
          ],
          "Version": "2012-10-17",
        },
        "ManagedPolicyArns": [
          {
            "Fn::Join": [
              "",
              [
                "arn:",
                {
                  "Ref": "AWS::Partition",
                },
                ":iam::aws:policy/service-role/AWSLambdaBasicExecutionRole",
              ],
            ],
          },
        ],
      },
      "Type": "AWS::IAM::Role",
    },
    "PasswordsKeyAliasDB4E8B13": {
      "Properties": {
        "AliasName": "alias/astroclaw-passwords",
        "TargetKeyId": {
          "Fn::GetAtt": [
            "PasswordsKeyC846CE1E",
            "Arn",
          ],
        },
      },
      "Type": "AWS::KMS::Alias",
    },
    "PasswordsKeyC846CE1E": {
      "DeletionPolicy": "Delete",
      "Properties": {
        "Description": "Encrypts workspace/user/system scoped data keys for the passwords app",
        "EnableKeyRotation": true,
        "KeyPolicy": {
          "Statement": [
            {
              "Action": "kms:*",
              "Effect": "Allow",
              "Principal": {
                "AWS": {
                  "Fn::Join": [
                    "",
                    [
                      "arn:",
                      {
                        "Ref": "AWS::Partition",
                      },
                      ":iam::",
                      {
                        "Ref": "AWS::AccountId",
                      },
                      ":root",
                    ],
                  ],
                },
              },
              "Resource": "*",
            },
          ],
          "Version": "2012-10-17",
        },
      },
      "Type": "AWS::KMS::Key",
      "UpdateReplacePolicy": "Delete",
    },
    "ReplyHandlerED1A6F38": {
      "DependsOn": [
        "ReplyHandlerServiceRoleDefaultPolicy29B9895A",
        "ReplyHandlerServiceRoleD8F4E3D7",
      ],
      "Properties": {
        "Architectures": [
          "arm64",
        ],
        "Code": {
          "S3Bucket": {
            "Fn::Sub": "cdk-hnb659fds-assets-\${AWS::AccountId}-\${AWS::Region}",
          },
          "S3Key": "[ASSET HASH].zip",
        },
        "Environment": {
          "Variables": {
            "DSQL_ENDPOINT": {
              "Fn::GetAtt": [
                "DsqlCluster",
                "Endpoint",
              ],
            },
            "PASSWORDS_KMS_KEY_ID": {
              "Fn::GetAtt": [
                "PasswordsKeyC846CE1E",
                "Arn",
              ],
            },
            "SKILLS_BUCKET": {
              "Ref": "SkillsBucket512669F8",
            },
            "WS_ENDPOINT": {
              "Fn::Join": [
                "",
                [
                  "https://",
                  {
                    "Ref": "WebSocketApi34BCF99B",
                  },
                  ".execute-api.",
                  {
                    "Ref": "AWS::Region",
                  },
                  ".",
                  {
                    "Ref": "AWS::URLSuffix",
                  },
                  "/prod",
                ],
              ],
            },
          },
        },
        "Handler": "bootstrap",
        "MemorySize": 512,
        "Role": {
          "Fn::GetAtt": [
            "ReplyHandlerServiceRoleD8F4E3D7",
            "Arn",
          ],
        },
        "Runtime": "provided.al2023",
        "Timeout": 900,
      },
      "Type": "AWS::Lambda::Function",
    },
    "ReplyHandlerFunctionUrlE3C0AFE2": {
      "Properties": {
        "AuthType": "NONE",
        "TargetFunctionArn": {
          "Fn::GetAtt": [
            "ReplyHandlerED1A6F38",
            "Arn",
          ],
        },
      },
      "Type": "AWS::Lambda::Url",
    },
    "ReplyHandlerServiceRoleD8F4E3D7": {
      "Properties": {
        "AssumeRolePolicyDocument": {
          "Statement": [
            {
              "Action": "sts:AssumeRole",
              "Effect": "Allow",
              "Principal": {
                "Service": "lambda.amazonaws.com",
              },
            },
          ],
          "Version": "2012-10-17",
        },
        "ManagedPolicyArns": [
          {
            "Fn::Join": [
              "",
              [
                "arn:",
                {
                  "Ref": "AWS::Partition",
                },
                ":iam::aws:policy/service-role/AWSLambdaBasicExecutionRole",
              ],
            ],
          },
        ],
      },
      "Type": "AWS::IAM::Role",
    },
    "ReplyHandlerServiceRoleDefaultPolicy29B9895A": {
      "Properties": {
        "PolicyDocument": {
          "Statement": [
            {
              "Action": [
                "s3:GetObject*",
                "s3:GetBucket*",
                "s3:List*",
              ],
              "Effect": "Allow",
              "Resource": [
                {
                  "Fn::GetAtt": [
                    "SkillsBucket512669F8",
                    "Arn",
                  ],
                },
                {
                  "Fn::Join": [
                    "",
                    [
                      {
                        "Fn::GetAtt": [
                          "SkillsBucket512669F8",
                          "Arn",
                        ],
                      },
                      "/*",
                    ],
                  ],
                },
              ],
            },
            {
              "Action": "kms:Decrypt",
              "Effect": "Allow",
              "Resource": {
                "Fn::GetAtt": [
                  "PasswordsKeyC846CE1E",
                  "Arn",
                ],
              },
            },
            {
              "Action": "execute-api:ManageConnections",
              "Effect": "Allow",
              "Resource": {
                "Fn::Join": [
                  "",
                  [
                    "arn:aws:execute-api:",
                    {
                      "Ref": "AWS::Region",
                    },
                    ":",
                    {
                      "Ref": "AWS::AccountId",
                    },
                    ":",
                    {
                      "Ref": "WebSocketApi34BCF99B",
                    },
                    "/*",
                  ],
                ],
              },
            },
            {
              "Action": "dsql:DbConnectAdmin",
              "Effect": "Allow",
              "Resource": {
                "Fn::GetAtt": [
                  "DsqlCluster",
                  "ResourceArn",
                ],
              },
            },
          ],
          "Version": "2012-10-17",
        },
        "PolicyName": "ReplyHandlerServiceRoleDefaultPolicy29B9895A",
        "Roles": [
          {
            "Ref": "ReplyHandlerServiceRoleD8F4E3D7",
          },
        ],
      },
      "Type": "AWS::IAM::Policy",
    },
    "ReplyHandlerinvokefunction905AA8E1": {
      "Properties": {
        "Action": "lambda:InvokeFunction",
        "FunctionName": {
          "Fn::GetAtt": [
            "ReplyHandlerED1A6F38",
            "Arn",
          ],
        },
        "InvokedViaFunctionUrl": true,
        "Principal": "*",
      },
      "Type": "AWS::Lambda::Permission",
    },
    "ReplyHandlerinvokefunctionurl02CBCC23": {
      "Properties": {
        "Action": "lambda:InvokeFunctionUrl",
        "FunctionName": {
          "Fn::GetAtt": [
            "ReplyHandlerED1A6F38",
            "Arn",
          ],
        },
        "FunctionUrlAuthType": "NONE",
        "Principal": "*",
      },
      "Type": "AWS::Lambda::Permission",
    },
    "RunMigrations": {
      "DeletionPolicy": "Delete",
      "Properties": {
        "ServiceToken": {
          "Fn::GetAtt": [
            "MigrateProviderframeworkonEvent252E0912",
            "Arn",
          ],
        },
        "version": "0",
      },
      "Type": "AWS::CloudFormation::CustomResource",
      "UpdateReplacePolicy": "Delete",
    },
    "SkillsBucket512669F8": {
      "DeletionPolicy": "Delete",
      "Properties": {
        "BucketEncryption": {
          "ServerSideEncryptionConfiguration": [
            {
              "ServerSideEncryptionByDefault": {
                "SSEAlgorithm": "AES256",
              },
            },
          ],
        },
        "PublicAccessBlockConfiguration": {
          "BlockPublicAcls": true,
          "BlockPublicPolicy": true,
          "IgnorePublicAcls": true,
          "RestrictPublicBuckets": true,
        },
        "Tags": [
          {
            "Key": "aws-cdk:auto-delete-objects",
            "Value": "true",
          },
        ],
      },
      "Type": "AWS::S3::Bucket",
      "UpdateReplacePolicy": "Delete",
    },
    "SkillsBucketAutoDeleteObjectsCustomResource95360366": {
      "DeletionPolicy": "Delete",
      "DependsOn": [
        "SkillsBucketPolicy513BFE18",
      ],
      "Properties": {
        "BucketName": {
          "Ref": "SkillsBucket512669F8",
        },
        "ServiceToken": {
          "Fn::GetAtt": [
            "CustomS3AutoDeleteObjectsCustomResourceProviderHandler9D90184F",
            "Arn",
          ],
        },
      },
      "Type": "Custom::S3AutoDeleteObjects",
      "UpdateReplacePolicy": "Delete",
    },
    "SkillsBucketPolicy513BFE18": {
      "Properties": {
        "Bucket": {
          "Ref": "SkillsBucket512669F8",
        },
        "PolicyDocument": {
          "Statement": [
            {
              "Action": [
                "s3:PutBucketPolicy",
                "s3:GetBucket*",
                "s3:List*",
                "s3:DeleteObject*",
              ],
              "Effect": "Allow",
              "Principal": {
                "AWS": {
                  "Fn::GetAtt": [
                    "CustomS3AutoDeleteObjectsCustomResourceProviderRole3B1BD092",
                    "Arn",
                  ],
                },
              },
              "Resource": [
                {
                  "Fn::GetAtt": [
                    "SkillsBucket512669F8",
                    "Arn",
                  ],
                },
                {
                  "Fn::Join": [
                    "",
                    [
                      {
                        "Fn::GetAtt": [
                          "SkillsBucket512669F8",
                          "Arn",
                        ],
                      },
                      "/*",
                    ],
                  ],
                },
              ],
            },
          ],
          "Version": "2012-10-17",
        },
      },
      "Type": "AWS::S3::BucketPolicy",
    },
    "WebSocketApi34BCF99B": {
      "Properties": {
        "Name": "astroclaw-ws",
        "ProtocolType": "WEBSOCKET",
        "RouteSelectionExpression": "$request.body.action",
      },
      "Type": "AWS::ApiGatewayV2::Api",
    },
    "WebSocketApiconnectRoute846149DD": {
      "Properties": {
        "ApiId": {
          "Ref": "WebSocketApi34BCF99B",
        },
        "AuthorizationType": "NONE",
        "RouteKey": "$connect",
        "Target": {
          "Fn::Join": [
            "",
            [
              "integrations/",
              {
                "Ref": "WebSocketApiconnectRouteWsConnectIntegrationFB6DEA67",
              },
            ],
          ],
        },
      },
      "Type": "AWS::ApiGatewayV2::Route",
    },
    "WebSocketApiconnectRouteWsConnectIntegrationFB6DEA67": {
      "Properties": {
        "ApiId": {
          "Ref": "WebSocketApi34BCF99B",
        },
        "IntegrationType": "AWS_PROXY",
        "IntegrationUri": {
          "Fn::Join": [
            "",
            [
              "arn:",
              {
                "Ref": "AWS::Partition",
              },
              ":apigateway:",
              {
                "Ref": "AWS::Region",
              },
              ":lambda:path/2015-03-31/functions/",
              {
                "Fn::GetAtt": [
                  "WsConnectHandler224A8AE8",
                  "Arn",
                ],
              },
              "/invocations",
            ],
          ],
        },
      },
      "Type": "AWS::ApiGatewayV2::Integration",
    },
    "WebSocketApiconnectRouteWsConnectIntegrationPermission2256A8D8": {
      "Properties": {
        "Action": "lambda:InvokeFunction",
        "FunctionName": {
          "Fn::GetAtt": [
            "WsConnectHandler224A8AE8",
            "Arn",
          ],
        },
        "Principal": "apigateway.amazonaws.com",
        "SourceArn": {
          "Fn::Join": [
            "",
            [
              "arn:",
              {
                "Ref": "AWS::Partition",
              },
              ":execute-api:",
              {
                "Ref": "AWS::Region",
              },
              ":",
              {
                "Ref": "AWS::AccountId",
              },
              ":",
              {
                "Ref": "WebSocketApi34BCF99B",
              },
              "/*$connect",
            ],
          ],
        },
      },
      "Type": "AWS::Lambda::Permission",
    },
    "WebSocketApidisconnectRouteC181A19C": {
      "Properties": {
        "ApiId": {
          "Ref": "WebSocketApi34BCF99B",
        },
        "AuthorizationType": "NONE",
        "RouteKey": "$disconnect",
        "Target": {
          "Fn::Join": [
            "",
            [
              "integrations/",
              {
                "Ref": "WebSocketApidisconnectRouteWsDisconnectIntegration29C46878",
              },
            ],
          ],
        },
      },
      "Type": "AWS::ApiGatewayV2::Route",
    },
    "WebSocketApidisconnectRouteWsDisconnectIntegration29C46878": {
      "Properties": {
        "ApiId": {
          "Ref": "WebSocketApi34BCF99B",
        },
        "IntegrationType": "AWS_PROXY",
        "IntegrationUri": {
          "Fn::Join": [
            "",
            [
              "arn:",
              {
                "Ref": "AWS::Partition",
              },
              ":apigateway:",
              {
                "Ref": "AWS::Region",
              },
              ":lambda:path/2015-03-31/functions/",
              {
                "Fn::GetAtt": [
                  "WsDisconnectHandler2953FE4B",
                  "Arn",
                ],
              },
              "/invocations",
            ],
          ],
        },
      },
      "Type": "AWS::ApiGatewayV2::Integration",
    },
    "WebSocketApidisconnectRouteWsDisconnectIntegrationPermission0D98673D": {
      "Properties": {
        "Action": "lambda:InvokeFunction",
        "FunctionName": {
          "Fn::GetAtt": [
            "WsDisconnectHandler2953FE4B",
            "Arn",
          ],
        },
        "Principal": "apigateway.amazonaws.com",
        "SourceArn": {
          "Fn::Join": [
            "",
            [
              "arn:",
              {
                "Ref": "AWS::Partition",
              },
              ":execute-api:",
              {
                "Ref": "AWS::Region",
              },
              ":",
              {
                "Ref": "AWS::AccountId",
              },
              ":",
              {
                "Ref": "WebSocketApi34BCF99B",
              },
              "/*$disconnect",
            ],
          ],
        },
      },
      "Type": "AWS::Lambda::Permission",
    },
    "WebSocketStageC46B7E43": {
      "Properties": {
        "ApiId": {
          "Ref": "WebSocketApi34BCF99B",
        },
        "AutoDeploy": true,
        "StageName": "prod",
      },
      "Type": "AWS::ApiGatewayV2::Stage",
    },
    "WsConnectHandler224A8AE8": {
      "DependsOn": [
        "WsConnectHandlerServiceRoleDefaultPolicy3AF554A0",
        "WsConnectHandlerServiceRole3D4F3D4A",
      ],
      "Properties": {
        "Architectures": [
          "arm64",
        ],
        "Code": {
          "S3Bucket": {
            "Fn::Sub": "cdk-hnb659fds-assets-\${AWS::AccountId}-\${AWS::Region}",
          },
          "S3Key": "[ASSET HASH].zip",
        },
        "Environment": {
          "Variables": {
            "DSQL_ENDPOINT": {
              "Fn::GetAtt": [
                "DsqlCluster",
                "Endpoint",
              ],
            },
          },
        },
        "Handler": "bootstrap",
        "MemorySize": 128,
        "Role": {
          "Fn::GetAtt": [
            "WsConnectHandlerServiceRole3D4F3D4A",
            "Arn",
          ],
        },
        "Runtime": "provided.al2023",
        "Timeout": 10,
      },
      "Type": "AWS::Lambda::Function",
    },
    "WsConnectHandlerServiceRole3D4F3D4A": {
      "Properties": {
        "AssumeRolePolicyDocument": {
          "Statement": [
            {
              "Action": "sts:AssumeRole",
              "Effect": "Allow",
              "Principal": {
                "Service": "lambda.amazonaws.com",
              },
            },
          ],
          "Version": "2012-10-17",
        },
        "ManagedPolicyArns": [
          {
            "Fn::Join": [
              "",
              [
                "arn:",
                {
                  "Ref": "AWS::Partition",
                },
                ":iam::aws:policy/service-role/AWSLambdaBasicExecutionRole",
              ],
            ],
          },
        ],
      },
      "Type": "AWS::IAM::Role",
    },
    "WsConnectHandlerServiceRoleDefaultPolicy3AF554A0": {
      "Properties": {
        "PolicyDocument": {
          "Statement": [
            {
              "Action": "dsql:DbConnectAdmin",
              "Effect": "Allow",
              "Resource": {
                "Fn::GetAtt": [
                  "DsqlCluster",
                  "ResourceArn",
                ],
              },
            },
          ],
          "Version": "2012-10-17",
        },
        "PolicyName": "WsConnectHandlerServiceRoleDefaultPolicy3AF554A0",
        "Roles": [
          {
            "Ref": "WsConnectHandlerServiceRole3D4F3D4A",
          },
        ],
      },
      "Type": "AWS::IAM::Policy",
    },
    "WsDisconnectHandler2953FE4B": {
      "DependsOn": [
        "WsDisconnectHandlerServiceRoleDefaultPolicy20B4126C",
        "WsDisconnectHandlerServiceRole5F4DAA34",
      ],
      "Properties": {
        "Architectures": [
          "arm64",
        ],
        "Code": {
          "S3Bucket": {
            "Fn::Sub": "cdk-hnb659fds-assets-\${AWS::AccountId}-\${AWS::Region}",
          },
          "S3Key": "[ASSET HASH].zip",
        },
        "Environment": {
          "Variables": {
            "DSQL_ENDPOINT": {
              "Fn::GetAtt": [
                "DsqlCluster",
                "Endpoint",
              ],
            },
          },
        },
        "Handler": "bootstrap",
        "MemorySize": 128,
        "Role": {
          "Fn::GetAtt": [
            "WsDisconnectHandlerServiceRole5F4DAA34",
            "Arn",
          ],
        },
        "Runtime": "provided.al2023",
        "Timeout": 10,
      },
      "Type": "AWS::Lambda::Function",
    },
    "WsDisconnectHandlerServiceRole5F4DAA34": {
      "Properties": {
        "AssumeRolePolicyDocument": {
          "Statement": [
            {
              "Action": "sts:AssumeRole",
              "Effect": "Allow",
              "Principal": {
                "Service": "lambda.amazonaws.com",
              },
            },
          ],
          "Version": "2012-10-17",
        },
        "ManagedPolicyArns": [
          {
            "Fn::Join": [
              "",
              [
                "arn:",
                {
                  "Ref": "AWS::Partition",
                },
                ":iam::aws:policy/service-role/AWSLambdaBasicExecutionRole",
              ],
            ],
          },
        ],
      },
      "Type": "AWS::IAM::Role",
    },
    "WsDisconnectHandlerServiceRoleDefaultPolicy20B4126C": {
      "Properties": {
        "PolicyDocument": {
          "Statement": [
            {
              "Action": "dsql:DbConnectAdmin",
              "Effect": "Allow",
              "Resource": {
                "Fn::GetAtt": [
                  "DsqlCluster",
                  "ResourceArn",
                ],
              },
            },
          ],
          "Version": "2012-10-17",
        },
        "PolicyName": "WsDisconnectHandlerServiceRoleDefaultPolicy20B4126C",
        "Roles": [
          {
            "Ref": "WsDisconnectHandlerServiceRole5F4DAA34",
          },
        ],
      },
      "Type": "AWS::IAM::Policy",
    },
  },
  "Rules": {
    "CheckBootstrapVersion": {
      "Assertions": [
        {
          "Assert": {
            "Fn::Not": [
              {
                "Fn::Contains": [
                  [
                    "1",
                    "2",
                    "3",
                    "4",
                    "5",
                  ],
                  {
                    "Ref": "BootstrapVersion",
                  },
                ],
              },
            ],
          },
          "AssertDescription": "CDK bootstrap stack version 6 required. Please run 'cdk bootstrap' with a recent version of the CDK CLI.",
        },
      ],
    },
  },
}
`;
